Microchip MPLAB XC8 Compiler V2.20

Linker command line:

-W-3 --edf=C:\Program Files\Microchip\xc8\v2.20\pic\dat\en_msgs.txt -cn \
  -h+dist/default/production\i2c_18854_mcc.X.production.sym \
  --cmf=dist/default/production\i2c_18854_mcc.X.production.cmf -z \
  -Q16F18854 -oC:\Users\linda\AppData\Local\Temp\s78g.2 \
  --defsym=__MPLAB_BUILD=1 \
  -Mdist/default/production/i2c_18854_mcc.X.production.map -E1 \
  -ver=XC8 Compiler --acfsm=1493 -ASTACK=02003h-021EFh -pstack=STACK \
  -ACODE=00h-07FFhx2 -ASTRCODE=00h-0FFFh -ASTRING=00h-0FFhx16 \
  -ACONST=00h-0FFhx16 -AENTRY=00h-0FFhx16 -ACOMMON=070h-07Fh \
  -ABANK0=020h-06Fh -ABANK1=0A0h-0EFh -ABANK2=0120h-016Fh \
  -ABANK3=01A0h-01EFh -ABANK4=0220h-026Fh -ABANK5=02A0h-02EFh \
  -ABANK6=0320h-032Fh -ABIGRAM=02000h-021EFh \
  -ARAM=020h-06Fh,0A0h-0EFh,0120h-016Fh,01A0h-01EFh,0220h-026Fh,02A0h-02EFh,0320h-032Fh \
  -AABS1=020h-07Fh,0A0h-0EFh,0120h-016Fh,01A0h-01EFh,0220h-026Fh,02A0h-02EFh,0320h-032Fh \
  -ASFR0=00h-01Fh -ASFR1=080h-09Fh -ASFR2=0100h-011Fh -ASFR3=0180h-019Fh \
  -ASFR4=0200h-021Fh -ASFR5=0280h-029Fh -ASFR6=0300h-031Fh \
  -ASFR7=0380h-03EFh -ASFR8=0400h-046Fh -ASFR9=0480h-04EFh \
  -ASFR10=0500h-056Fh -ASFR11=0580h-05EFh -ASFR12=0600h-066Fh \
  -ASFR13=0680h-06EFh -ASFR14=0700h-076Fh -ASFR15=0780h-07EFh \
  -ASFR16=0800h-086Fh -ASFR17=0880h-08EFh -ASFR18=0900h-096Fh \
  -ASFR19=0980h-09EFh -ASFR20=0A00h-0A6Fh -ASFR21=0A80h-0AEFh \
  -ASFR22=0B00h-0B6Fh -ASFR23=0B80h-0BEFh -ASFR24=0C00h-0C6Fh \
  -ASFR25=0C80h-0CEFh -ASFR26=0D00h-0D6Fh -ASFR27=0D80h-0DEFh \
  -ASFR28=0E00h-0E6Fh -ASFR29=0E80h-0EEFh -ASFR30=0F00h-0F6Fh \
  -ASFR31=0F80h-0FEFh -ACONFIG=08007h-0800Bh -DCONFIG=2 \
  -AIDLOC=08000h-08003h -DIDLOC=2 -preset_vec=00h,intentry,init,end_init \
  -ppowerup=CODE -pcinit=CODE -pfunctab=ENTRY -AEEDATA=00h-0FFh/0F000h \
  -peeprom_data=EEDATA -DEEDATA=2 -DCODE=2 -DSTRCODE=2 -DSTRING=2 -DCONST=2 \
  -DENTRY=2 -k C:\Users\linda\AppData\Local\Temp\s78g.o \
  dist/default/production\i2c_18854_mcc.X.production.o 

Object code version is 3.11

Machine type is 16F18854



                Name                               Link     Load   Length Selector   Space Scale
C:\Users\linda\AppData\Local\Temp\s78g.o
                end_init                              2        2        2        0       0
                reset_vec                             0        0        2        0       0
                config                             8007     8007        5        0       4
dist/default/production\i2c_18854_mcc.X.production.o
                cinit                               7F6      7F6        A      FEC       0
                config                             8007     8007        5        0       4
                text12                              6FC      6FC        C      DF8       0
                text11                              6D9      6D9        8      DB2       0
                text10                              6D2      6D2        7      DA4       0
                text9                               6C6      6C6        6      D8C       0
                text8                               6CC      6CC        6      D98       0
                text7                               708      708       22      E10       0
                text6                               782      782       35      F04       0
                text5                               7B7      7B7       3F      F6E       0
                text4                               6E9      6E9        9      DD2       0
                text3                               750      750       32      EA0       0
                text2                               6E1      6E1        8      DC2       0
                text1                               6F2      6F2        A      DE4       0
                maintext                            72A      72A       26      E54       0
                cstackCOMMON                         70       70        D       70       1
                bssBANK0                             20       20        3       20       1
                dataCOMMON                           7D       7D        1       70       1
                idataCOMMON                         6C5      6C5        1      D8A       0

TOTAL           Name                               Link     Load   Length     Space
        CLASS   STACK          

        CLASS   CODE           
                end_init                              2        2        2         0
                cinit                               7F6      7F6        A         0
                reset_vec                             0        0        2         0
                text12                              6FC      6FC        C         0
                text11                              6D9      6D9        8         0
                text10                              6D2      6D2        7         0
                text9                               6C6      6C6        6         0
                text8                               6CC      6CC        6         0
                text7                               708      708       22         0
                text6                               782      782       35         0
                text5                               7B7      7B7       3F         0
                text4                               6E9      6E9        9         0
                text3                               750      750       32         0
                text2                               6E1      6E1        8         0
                text1                               6F2      6F2        A         0
                maintext                            72A      72A       26         0
                idataCOMMON                         6C5      6C5        1         0

        CLASS   STRCODE        

        CLASS   STRING         

        CLASS   CONST          

        CLASS   ENTRY          

        CLASS   COMMON         
                cstackCOMMON                         70       70        D         1
                dataCOMMON                           7D       7D        1         1

        CLASS   BANK0          
                bssBANK0                             20       20        3         1

        CLASS   BANK1          

        CLASS   BANK2          

        CLASS   BANK3          

        CLASS   BANK4          

        CLASS   BANK5          

        CLASS   BANK6          

        CLASS   BIGRAM         

        CLASS   RAM            

        CLASS   ABS1           
                abs_s1                               7E       7E        2         1

        CLASS   SFR0           

        CLASS   SFR1           

        CLASS   SFR2           

        CLASS   SFR3           

        CLASS   SFR4           

        CLASS   SFR5           

        CLASS   SFR6           

        CLASS   SFR7           

        CLASS   SFR8           

        CLASS   SFR9           

        CLASS   SFR10          

        CLASS   SFR11          

        CLASS   SFR12          

        CLASS   SFR13          

        CLASS   SFR14          

        CLASS   SFR15          

        CLASS   SFR16          

        CLASS   SFR17          

        CLASS   SFR18          

        CLASS   SFR19          

        CLASS   SFR20          

        CLASS   SFR21          

        CLASS   SFR22          

        CLASS   SFR23          

        CLASS   SFR24          

        CLASS   SFR25          

        CLASS   SFR26          

        CLASS   SFR27          

        CLASS   SFR28          

        CLASS   SFR29          

        CLASS   SFR30          

        CLASS   SFR31          

        CLASS   CONFIG         
                config                             8007     8007        5         4

        CLASS   IDLOC          

        CLASS   EEDATA         

        CLASS   BANK31         

        CLASS   BANK30         

        CLASS   BANK29         

        CLASS   BANK28         

        CLASS   BANK27         

        CLASS   BANK26         

        CLASS   BANK25         

        CLASS   BANK24         

        CLASS   BANK23         

        CLASS   BANK22         

        CLASS   BANK21         

        CLASS   BANK20         

        CLASS   BANK19         

        CLASS   BANK18         

        CLASS   BANK17         

        CLASS   BANK16         

        CLASS   BANK15         

        CLASS   BANK14         

        CLASS   BANK13         

        CLASS   BANK12         

        CLASS   BANK11         

        CLASS   BANK10         

        CLASS   BANK9          

        CLASS   BANK8          

        CLASS   BANK7          



SEGMENTS        Name                           Load    Length   Top    Selector   Space  Class     Delta

                reset_vec                      000000  000004  000004         0       0  CODE        2
                bssBANK0                       000020  000003  000023        20       1  BANK0       1
                cstackCOMMON                   000070  00000E  00007E        70       1  COMMON      1
                idataCOMMON                    0006C5  000001  0006C6       D8A       0  CODE        2
                text9                          0006C6  000006  0006CC       D8C       0  CODE        2
                text8                          0006CC  000006  0006D2       D98       0  CODE        2
                text10                         0006D2  000007  0006D9       DA4       0  CODE        2
                text11                         0006D9  000008  0006E1       DB2       0  CODE        2
                text2                          0006E1  000008  0006E9       DC2       0  CODE        2
                text4                          0006E9  000009  0006F2       DD2       0  CODE        2
                text1                          0006F2  00000A  0006FC       DE4       0  CODE        2
                text12                         0006FC  00000C  000708       DF8       0  CODE        2
                text7                          000708  000022  00072A       E10       0  CODE        2
                maintext                       00072A  000026  000750       E54       0  CODE        2
                text3                          000750  000032  000782       EA0       0  CODE        2
                text6                          000782  000035  0007B7       F04       0  CODE        2
                text5                          0007B7  00003F  0007F6       F6E       0  CODE        2
                cinit                          0007F6  00000A  000800       FEC       0  CODE        2


UNUSED ADDRESS RANGES

        Name                Unused          Largest block    Delta
        BANK0            00023-0006F              4D           1
        BANK1            000A0-000EF              50           1
        BANK2            00120-0016F              50           1
        BANK3            001A0-001EF              50           1
        BANK4            00220-0026F              50           1
        BANK5            002A0-002EF              50           1
        BANK6            00320-0032F              10           1
        BIGRAM           02000-021EF             1F0           1
        CODE             00004-006C4             6C1           2
                         00800-00FFF             800
        CONST            00004-006C4             100           2
                         00800-00FFF             100
        EEDATA           0F000-0F0FF             100           2
        ENTRY            00004-006C4             100           2
                         00800-00FFF             100
        IDLOC            08000-08003               4           2
        RAM              00023-0006F              4D           1
                         000A0-000EF              50
                         00120-0016F              50
                         001A0-001EF              50
                         00220-0026F              50
                         002A0-002EF              50
                         00320-0032F              10
        SFR0             00000-0001F              20           1
        SFR1             00080-0009F              20           1
        SFR10            00500-0056F              70           1
        SFR11            00580-005EF              70           1
        SFR12            00600-0066F              70           1
        SFR13            00680-006EF              70           1
        SFR14            00700-0076F              70           1
        SFR15            00780-007EF              70           1
        SFR16            00800-0086F              70           1
        SFR17            00880-008EF              70           1
        SFR18            00900-0096F              70           1
        SFR19            00980-009EF              70           1
        SFR2             00100-0011F              20           1
        SFR20            00A00-00A6F              70           1
        SFR21            00A80-00AEF              70           1
        SFR22            00B00-00B6F              70           1
        SFR23            00B80-00BEF              70           1
        SFR24            00C00-00C6F              70           1
        SFR25            00C80-00CEF              70           1
        SFR26            00D00-00D6F              70           1
        SFR27            00D80-00DEF              70           1
        SFR28            00E00-00E6F              70           1
        SFR29            00E80-00EEF              70           1
        SFR3             00180-0019F              20           1
        SFR30            00F00-00F6F              70           1
        SFR31            00F80-00FEF              70           1
        SFR4             00200-0021F              20           1
        SFR5             00280-0029F              20           1
        SFR6             00300-0031F              20           1
        SFR7             00380-003EF              70           1
        SFR8             00400-0046F              70           1
        SFR9             00480-004EF              70           1
        STACK            02003-021EF             1ED           1
        STRCODE          00004-006C4             6C1           2
                         00800-00FFF             800
        STRING           00004-006C4             100           2
                         00800-00FFF             100

                                  Symbol Table

I2C_select@address               cstackCOMMON 00072
I2C_select@mode                  cstackCOMMON 00071
I2C_write@data                   cstackCOMMON 00070
LCD_backlight@on                 cstackCOMMON 00074
LCD_init@address                 cstackCOMMON 0007A
LCD_send_cmd@command             cstackCOMMON 00075
LCD_send_cmd@nibble_lower        cstackCOMMON 00076
LCD_send_cmd@nibble_upper        cstackCOMMON 00077
_ACKDT1                          (abs)        00C8D
_ACKEN1                          (abs)        00C8C
_ANSELA                          (abs)        00F38
_ANSELB                          (abs)        00F43
_ANSELC                          (abs)        00F4E
_I2C_select                      text10       006D2
_I2C_start                       text9        006C6
_I2C_stop                        text8        006CC
_I2C_wait                        text12       006FC
_I2C_write                       text11       006D9
_INLVLA                          (abs)        00F3C
_INLVLB                          (abs)        00F47
_INLVLC                          (abs)        00F52
_INLVLE                          (abs)        00F68
_LATA                            (abs)        00016
_LATB                            (abs)        00017
_LATC                            (abs)        00018
_LCD_backlight                   text7        00708
_LCD_backlight$136               cstackCOMMON 00075
_LCD_init                        text5        007B7
_LCD_send_cmd                    text6        00782
_ODCONA                          (abs)        00F3A
_ODCONB                          (abs)        00F45
_ODCONC                          (abs)        00F50
_OSCCON1                         (abs)        0088D
_OSCCON3                         (abs)        0088F
_OSCEN                           (abs)        00891
_OSCFRQ                          (abs)        00893
_OSCILLATOR_Initialize           text4        006E9
_OSCTUNE                         (abs)        00892
_PIN_MANAGER_Initialize          text3        00750
_PMD0                            (abs)        00796
_PMD1                            (abs)        00797
_PMD2                            (abs)        00798
_PMD3                            (abs)        00799
_PMD4                            (abs)        0079A
_PMD5                            (abs)        0079B
_PMD_Initialize                  text2        006E1
_RA1                             (abs)        00061
_RC3PPS                          (abs)        00F23
_RC4PPS                          (abs)        00F24
_RCEN1                           (abs)        00C8B
_SLRCONA                         (abs)        00F3B
_SLRCONB                         (abs)        00F46
_SLRCONC                         (abs)        00F51
_SSP1BUF                         (abs)        0018C
_SSP1CLKPPS                      (abs)        00EC5
_SSP1CON2                        (abs)        00191
_SSP1DATPPS                      (abs)        00EC6
_SSP1STAT                        (abs)        0018F
_SYSTEM_Initialize               text1        006F2
_TRISA                           (abs)        00011
_TRISB                           (abs)        00012
_TRISC                           (abs)        00013
_WPUA                            (abs)        00F39
_WPUB                            (abs)        00F44
_WPUC                            (abs)        00F4F
_WPUE                            (abs)        00F65
__Habs1                          abs1         00000
__Hbank0                         bank0        00000
__Hbank1                         bank1        00000
__Hbank10                        bank10       00000
__Hbank11                        bank11       00000
__Hbank12                        bank12       00000
__Hbank13                        bank13       00000
__Hbank14                        bank14       00000
__Hbank15                        bank15       00000
__Hbank16                        bank16       00000
__Hbank17                        bank17       00000
__Hbank18                        bank18       00000
__Hbank19                        bank19       00000
__Hbank2                         bank2        00000
__Hbank20                        bank20       00000
__Hbank21                        bank21       00000
__Hbank22                        bank22       00000
__Hbank23                        bank23       00000
__Hbank24                        bank24       00000
__Hbank25                        bank25       00000
__Hbank26                        bank26       00000
__Hbank27                        bank27       00000
__Hbank28                        bank28       00000
__Hbank29                        bank29       00000
__Hbank3                         bank3        00000
__Hbank30                        bank30       00000
__Hbank31                        bank31       00000
__Hbank4                         bank4        00000
__Hbank5                         bank5        00000
__Hbank6                         bank6        00000
__Hbank7                         bank7        00000
__Hbank8                         bank8        00000
__Hbank9                         bank9        00000
__Hbigram                        bigram       00000
__HbssBANK0                      bssBANK0     00000
__Hcinit                         cinit        00800
__Hclrtext                       clrtext      00000
__Hcode                          code         00000
__Hcommon                        common       00000
__Hconfig                        config       0800C
__HcstackCOMMON                  cstackCOMMON 00000
__HdataCOMMON                    dataCOMMON   00000
__Heeprom_data                   eeprom_data  00000
__Hend_init                      end_init     00004
__Hfunctab                       functab      00000
__HidataCOMMON                   idataCOMMON  00000
__Hinit                          init         00002
__Hintentry                      intentry     00002
__Hmaintext                      maintext     00000
__Hpowerup                       powerup      00000
__Hram                           ram          00000
__Hreset_vec                     reset_vec    00002
__Hsfr0                          sfr0         00000
__Hsfr1                          sfr1         00000
__Hsfr10                         sfr10        00000
__Hsfr11                         sfr11        00000
__Hsfr12                         sfr12        00000
__Hsfr13                         sfr13        00000
__Hsfr14                         sfr14        00000
__Hsfr15                         sfr15        00000
__Hsfr16                         sfr16        00000
__Hsfr17                         sfr17        00000
__Hsfr18                         sfr18        00000
__Hsfr19                         sfr19        00000
__Hsfr2                          sfr2         00000
__Hsfr20                         sfr20        00000
__Hsfr21                         sfr21        00000
__Hsfr22                         sfr22        00000
__Hsfr23                         sfr23        00000
__Hsfr24                         sfr24        00000
__Hsfr25                         sfr25        00000
__Hsfr26                         sfr26        00000
__Hsfr27                         sfr27        00000
__Hsfr28                         sfr28        00000
__Hsfr29                         sfr29        00000
__Hsfr3                          sfr3         00000
__Hsfr30                         sfr30        00000
__Hsfr31                         sfr31        00000
__Hsfr4                          sfr4         00000
__Hsfr5                          sfr5         00000
__Hsfr6                          sfr6         00000
__Hsfr7                          sfr7         00000
__Hsfr8                          sfr8         00000
__Hsfr9                          sfr9         00000
__Hspace_0                       (abs)        00800
__Hspace_1                       (abs)        0007E
__Hspace_2                       (abs)        00000
__Hspace_3                       (abs)        00000
__Hspace_4                       (abs)        10013
__Hstack                         stack        00000
__Hstrings                       strings      00000
__Htext                          text         00000
__LCD_address                    bssBANK0     00022
__LCD_backlight                  dataCOMMON   0007D
__Labs1                          abs1         00000
__Lbank0                         bank0        00000
__Lbank1                         bank1        00000
__Lbank10                        bank10       00000
__Lbank11                        bank11       00000
__Lbank12                        bank12       00000
__Lbank13                        bank13       00000
__Lbank14                        bank14       00000
__Lbank15                        bank15       00000
__Lbank16                        bank16       00000
__Lbank17                        bank17       00000
__Lbank18                        bank18       00000
__Lbank19                        bank19       00000
__Lbank2                         bank2        00000
__Lbank20                        bank20       00000
__Lbank21                        bank21       00000
__Lbank22                        bank22       00000
__Lbank23                        bank23       00000
__Lbank24                        bank24       00000
__Lbank25                        bank25       00000
__Lbank26                        bank26       00000
__Lbank27                        bank27       00000
__Lbank28                        bank28       00000
__Lbank29                        bank29       00000
__Lbank3                         bank3        00000
__Lbank30                        bank30       00000
__Lbank31                        bank31       00000
__Lbank4                         bank4        00000
__Lbank5                         bank5        00000
__Lbank6                         bank6        00000
__Lbank7                         bank7        00000
__Lbank8                         bank8        00000
__Lbank9                         bank9        00000
__Lbigram                        bigram       00000
__LbssBANK0                      bssBANK0     00000
__Lcinit                         cinit        007F6
__Lclrtext                       clrtext      00000
__Lcode                          code         00000
__Lcommon                        common       00000
__Lconfig                        config       00000
__LcstackCOMMON                  cstackCOMMON 00000
__LdataCOMMON                    dataCOMMON   00000
__Leeprom_data                   eeprom_data  00000
__Lend_init                      end_init     00002
__Lfunctab                       functab      00000
__LidataCOMMON                   idataCOMMON  00000
__Linit                          init         00002
__Lintentry                      intentry     00002
__Lmaintext                      maintext     00000
__Lpowerup                       powerup      00000
__Lram                           ram          00000
__Lreset_vec                     reset_vec    00000
__Lsfr0                          sfr0         00000
__Lsfr1                          sfr1         00000
__Lsfr10                         sfr10        00000
__Lsfr11                         sfr11        00000
__Lsfr12                         sfr12        00000
__Lsfr13                         sfr13        00000
__Lsfr14                         sfr14        00000
__Lsfr15                         sfr15        00000
__Lsfr16                         sfr16        00000
__Lsfr17                         sfr17        00000
__Lsfr18                         sfr18        00000
__Lsfr19                         sfr19        00000
__Lsfr2                          sfr2         00000
__Lsfr20                         sfr20        00000
__Lsfr21                         sfr21        00000
__Lsfr22                         sfr22        00000
__Lsfr23                         sfr23        00000
__Lsfr24                         sfr24        00000
__Lsfr25                         sfr25        00000
__Lsfr26                         sfr26        00000
__Lsfr27                         sfr27        00000
__Lsfr28                         sfr28        00000
__Lsfr29                         sfr29        00000
__Lsfr3                          sfr3         00000
__Lsfr30                         sfr30        00000
__Lsfr31                         sfr31        00000
__Lsfr4                          sfr4         00000
__Lsfr5                          sfr5         00000
__Lsfr6                          sfr6         00000
__Lsfr7                          sfr7         00000
__Lsfr8                          sfr8         00000
__Lsfr9                          sfr9         00000
__Lspace_0                       (abs)        00000
__Lspace_1                       (abs)        00000
__Lspace_2                       (abs)        00000
__Lspace_3                       (abs)        00000
__Lspace_4                       (abs)        00000
__Lstack                         stack        00000
__Lstrings                       strings      00000
__Ltext                          text         00000
__S0                             (abs)        00800
__S1                             (abs)        0007E
__S2                             (abs)        00000
__S3                             (abs)        00000
___int_sp                        stack        00000
___latbits                       (abs)        00001
___sp                            stack        00000
___stackhi                       (abs)        021EF
___stacklo                       (abs)        02003
__end_of_I2C_select              text10       006D9
__end_of_I2C_start               text9        006CC
__end_of_I2C_stop                text8        006D2
__end_of_I2C_wait                text12       00708
__end_of_I2C_write               text11       006E1
__end_of_LCD_backlight           text7        0072A
__end_of_LCD_init                text5        007F6
__end_of_LCD_send_cmd            text6        007B7
__end_of_OSCILLATOR_Initialize   text4        006F2
__end_of_PIN_MANAGER_Initialize  text3        00782
__end_of_PMD_Initialize          text2        006E9
__end_of_SYSTEM_Initialize       text1        006FC
__end_of__initialization         cinit        007FD
__end_of_main                    maintext     00750
__initialization                 cinit        007F6
__pbssBANK0                      bssBANK0     00020
__pcstackCOMMON                  cstackCOMMON 00070
__pdataCOMMON                    dataCOMMON   0007D
__pidataCOMMON                   idataCOMMON  006C5
__pmaintext                      maintext     0072A
__ptext1                         text1        006F2
__ptext10                        text10       006D2
__ptext11                        text11       006D9
__ptext12                        text12       006FC
__ptext2                         text2        006E1
__ptext3                         text3        00750
__ptext4                         text4        006E9
__ptext5                         text5        007B7
__ptext6                         text6        00782
__ptext7                         text7        00708
__ptext8                         text8        006CC
__ptext9                         text9        006C6
__size_of_I2C_select             (abs)        00000
__size_of_I2C_start              (abs)        00000
__size_of_I2C_stop               (abs)        00000
__size_of_I2C_wait               (abs)        00000
__size_of_I2C_write              (abs)        00000
__size_of_LCD_backlight          (abs)        00000
__size_of_LCD_init               (abs)        00000
__size_of_LCD_send_cmd           (abs)        00000
__size_of_OSCILLATOR_Initialize  (abs)        00000
__size_of_PIN_MANAGER_Initialize (abs)        00000
__size_of_PMD_Initialize         (abs)        00000
__size_of_SYSTEM_Initialize      (abs)        00000
__size_of_main                   (abs)        00000
_main                            maintext     0072A
btemp                            (abs)        0007E
end_of_initialization            cinit        007FD
intlevel0                        functab      00000
intlevel1                        functab      00000
intlevel2                        functab      00000
intlevel3                        functab      00000
intlevel4                        functab      00000
intlevel5                        functab      00000
reset_vec                        reset_vec    00000
start                            init         00002
start_initialization             cinit        007F6
wtemp0                           (abs)        0007E


FUNCTION INFORMATION:

 *************** function _main *****************
 Defined at:
		line 28 in file "main.c"
 Parameters:    Size  Location     Type
		None
 Auto vars:     Size  Location     Type
		None
 Return value:  Size  Location     Type
                  1    wreg      void 
 Registers used:
		wreg, status,2, status,0, pclath, cstack
 Tracked objects:
		On entry : 
		On exit  : 
		Unchanged: 
 Data sizes:     COMMON   BANK0   BANK1   BANK2   BANK3   BANK4   BANK5   BANK6
      Params:         0       0       0       0       0       0       0       0
      Locals:         0       0       0       0       0       0       0       0
      Temps:          2       0       0       0       0       0       0       0
      Totals:         2       0       0       0       0       0       0       0
Total ram usage:        2 bytes
 Hardware stack levels required when called:    5
 This function calls:
		_LCD_init
		_SYSTEM_Initialize
 This function is called by:
		Startup code after reset
 This function uses a non-reentrant model


 *************** function _SYSTEM_Initialize *****************
 Defined at:
		line 50 in file "mcc_generated_files/mcc.c"
 Parameters:    Size  Location     Type
		None
 Auto vars:     Size  Location     Type
		None
 Return value:  Size  Location     Type
                  1    wreg      void 
 Registers used:
		wreg, status,2, status,0, pclath, cstack
 Tracked objects:
		On entry : 
		On exit  : 
		Unchanged: 
 Data sizes:     COMMON   BANK0   BANK1   BANK2   BANK3   BANK4   BANK5   BANK6
      Params:         0       0       0       0       0       0       0       0
      Locals:         0       0       0       0       0       0       0       0
      Temps:          0       0       0       0       0       0       0       0
      Totals:         0       0       0       0       0       0       0       0
Total ram usage:        0 bytes
 Hardware stack levels used:    1
 Hardware stack levels required when called:    1
 This function calls:
		_OSCILLATOR_Initialize
		_PIN_MANAGER_Initialize
		_PMD_Initialize
 This function is called by:
		_main
 This function uses a non-reentrant model


 *************** function _PMD_Initialize *****************
 Defined at:
		line 72 in file "mcc_generated_files/mcc.c"
 Parameters:    Size  Location     Type
		None
 Auto vars:     Size  Location     Type
		None
 Return value:  Size  Location     Type
                  1    wreg      void 
 Registers used:
		status,2
 Tracked objects:
		On entry : 
		On exit  : 
		Unchanged: 
 Data sizes:     COMMON   BANK0   BANK1   BANK2   BANK3   BANK4   BANK5   BANK6
      Params:         0       0       0       0       0       0       0       0
      Locals:         0       0       0       0       0       0       0       0
      Temps:          0       0       0       0       0       0       0       0
      Totals:         0       0       0       0       0       0       0       0
Total ram usage:        0 bytes
 Hardware stack levels used:    1
 This function calls:
		Nothing
 This function is called by:
		_SYSTEM_Initialize
 This function uses a non-reentrant model


 *************** function _PIN_MANAGER_Initialize *****************
 Defined at:
		line 55 in file "mcc_generated_files/pin_manager.c"
 Parameters:    Size  Location     Type
		None
 Auto vars:     Size  Location     Type
		None
 Return value:  Size  Location     Type
                  1    wreg      void 
 Registers used:
		wreg, status,2
 Tracked objects:
		On entry : 
		On exit  : 
		Unchanged: 
 Data sizes:     COMMON   BANK0   BANK1   BANK2   BANK3   BANK4   BANK5   BANK6
      Params:         0       0       0       0       0       0       0       0
      Locals:         0       0       0       0       0       0       0       0
      Temps:          0       0       0       0       0       0       0       0
      Totals:         0       0       0       0       0       0       0       0
Total ram usage:        0 bytes
 Hardware stack levels used:    1
 This function calls:
		Nothing
 This function is called by:
		_SYSTEM_Initialize
 This function uses a non-reentrant model


 *************** function _OSCILLATOR_Initialize *****************
 Defined at:
		line 58 in file "mcc_generated_files/mcc.c"
 Parameters:    Size  Location     Type
		None
 Auto vars:     Size  Location     Type
		None
 Return value:  Size  Location     Type
                  1    wreg      void 
 Registers used:
		wreg, status,2
 Tracked objects:
		On entry : 
		On exit  : 
		Unchanged: 
 Data sizes:     COMMON   BANK0   BANK1   BANK2   BANK3   BANK4   BANK5   BANK6
      Params:         0       0       0       0       0       0       0       0
      Locals:         0       0       0       0       0       0       0       0
      Temps:          0       0       0       0       0       0       0       0
      Totals:         0       0       0       0       0       0       0       0
Total ram usage:        0 bytes
 Hardware stack levels used:    1
 This function calls:
		Nothing
 This function is called by:
		_SYSTEM_Initialize
 This function uses a non-reentrant model


 *************** function _LCD_init *****************
 Defined at:
		line 10 in file "lcd.c"
 Parameters:    Size  Location     Type
  address         1    wreg     unsigned char 
 Auto vars:     Size  Location     Type
  address         1   10[COMMON] unsigned char 
 Return value:  Size  Location     Type
                  1    wreg      void 
 Registers used:
		wreg, status,2, status,0, pclath, cstack
 Tracked objects:
		On entry : 
		On exit  : 
		Unchanged: 
 Data sizes:     COMMON   BANK0   BANK1   BANK2   BANK3   BANK4   BANK5   BANK6
      Params:         0       0       0       0       0       0       0       0
      Locals:         1       0       0       0       0       0       0       0
      Temps:          2       0       0       0       0       0       0       0
      Totals:         3       0       0       0       0       0       0       0
Total ram usage:        3 bytes
 Hardware stack levels used:    1
 Hardware stack levels required when called:    4
 This function calls:
		_LCD_backlight
		_LCD_send_cmd
 This function is called by:
		_main
 This function uses a non-reentrant model


 *************** function _LCD_send_cmd *****************
 Defined at:
		line 50 in file "lcd.c"
 Parameters:    Size  Location     Type
  command         1    wreg     unsigned char 
 Auto vars:     Size  Location     Type
  command         1    5[COMMON] unsigned char 
  nibble_upper    1    7[COMMON] unsigned char 
  nibble_lower    1    6[COMMON] unsigned char 
 Return value:  Size  Location     Type
                  1    wreg      void 
 Registers used:
		wreg, status,2, status,0, pclath, cstack
 Tracked objects:
		On entry : 
		On exit  : 
		Unchanged: 
 Data sizes:     COMMON   BANK0   BANK1   BANK2   BANK3   BANK4   BANK5   BANK6
      Params:         0       0       0       0       0       0       0       0
      Locals:         3       0       0       0       0       0       0       0
      Temps:          2       0       0       0       0       0       0       0
      Totals:         5       0       0       0       0       0       0       0
Total ram usage:        5 bytes
 Hardware stack levels used:    1
 Hardware stack levels required when called:    3
 This function calls:
		_I2C_select
		_I2C_start
		_I2C_stop
		_I2C_write
 This function is called by:
		_LCD_init
		_LCD_clear
		_LCD_select_line
 This function uses a non-reentrant model


 *************** function _LCD_backlight *****************
 Defined at:
		line 42 in file "lcd.c"
 Parameters:    Size  Location     Type
  on              1    wreg     _Bool 
 Auto vars:     Size  Location     Type
  on              1    4[COMMON] _Bool 
 Return value:  Size  Location     Type
                  1    wreg      void 
 Registers used:
		wreg, status,2, status,0, pclath, cstack
 Tracked objects:
		On entry : 
		On exit  : 
		Unchanged: 
 Data sizes:     COMMON   BANK0   BANK1   BANK2   BANK3   BANK4   BANK5   BANK6
      Params:         0       0       0       0       0       0       0       0
      Locals:         3       0       0       0       0       0       0       0
      Temps:          1       0       0       0       0       0       0       0
      Totals:         4       0       0       0       0       0       0       0
Total ram usage:        4 bytes
 Hardware stack levels used:    1
 Hardware stack levels required when called:    3
 This function calls:
		_I2C_select
		_I2C_start
		_I2C_stop
		_I2C_write
 This function is called by:
		_LCD_init
 This function uses a non-reentrant model


 *************** function _I2C_stop *****************
 Defined at:
		line 27 in file "i2c.c"
 Parameters:    Size  Location     Type
		None
 Auto vars:     Size  Location     Type
		None
 Return value:  Size  Location     Type
                  1    wreg      void 
 Registers used:
		wreg, status,2, status,0, pclath, cstack
 Tracked objects:
		On entry : 
		On exit  : 
		Unchanged: 
 Data sizes:     COMMON   BANK0   BANK1   BANK2   BANK3   BANK4   BANK5   BANK6
      Params:         0       0       0       0       0       0       0       0
      Locals:         0       0       0       0       0       0       0       0
      Temps:          0       0       0       0       0       0       0       0
      Totals:         0       0       0       0       0       0       0       0
Total ram usage:        0 bytes
 Hardware stack levels used:    1
 Hardware stack levels required when called:    1
 This function calls:
		_I2C_wait
 This function is called by:
		_LCD_backlight
		_LCD_send_cmd
		_LCD_send_data
		_I2C_send
		_I2C_sendN
		_I2C_receive
 This function uses a non-reentrant model


 *************** function _I2C_start *****************
 Defined at:
		line 17 in file "i2c.c"
 Parameters:    Size  Location     Type
		None
 Auto vars:     Size  Location     Type
		None
 Return value:  Size  Location     Type
                  1    wreg      void 
 Registers used:
		wreg, status,2, status,0, pclath, cstack
 Tracked objects:
		On entry : 
		On exit  : 
		Unchanged: 
 Data sizes:     COMMON   BANK0   BANK1   BANK2   BANK3   BANK4   BANK5   BANK6
      Params:         0       0       0       0       0       0       0       0
      Locals:         0       0       0       0       0       0       0       0
      Temps:          0       0       0       0       0       0       0       0
      Totals:         0       0       0       0       0       0       0       0
Total ram usage:        0 bytes
 Hardware stack levels used:    1
 Hardware stack levels required when called:    1
 This function calls:
		_I2C_wait
 This function is called by:
		_LCD_backlight
		_LCD_send_cmd
		_LCD_send_data
		_I2C_send
		_I2C_sendN
		_I2C_receive
 This function uses a non-reentrant model


 *************** function _I2C_select *****************
 Defined at:
		line 32 in file "i2c.c"
 Parameters:    Size  Location     Type
  address         1    wreg     unsigned char 
  mode            1    1[COMMON] _Bool 
 Auto vars:     Size  Location     Type
  address         1    2[COMMON] unsigned char 
 Return value:  Size  Location     Type
                  1    wreg      void 
 Registers used:
		wreg, status,2, status,0, pclath, cstack
 Tracked objects:
		On entry : 
		On exit  : 
		Unchanged: 
 Data sizes:     COMMON   BANK0   BANK1   BANK2   BANK3   BANK4   BANK5   BANK6
      Params:         1       0       0       0       0       0       0       0
      Locals:         1       0       0       0       0       0       0       0
      Temps:          0       0       0       0       0       0       0       0
      Totals:         2       0       0       0       0       0       0       0
Total ram usage:        2 bytes
 Hardware stack levels used:    1
 Hardware stack levels required when called:    2
 This function calls:
		_I2C_write
 This function is called by:
		_LCD_backlight
		_LCD_send_cmd
		_LCD_send_data
		_I2C_send
		_I2C_sendN
		_I2C_receive
 This function uses a non-reentrant model


 *************** function _I2C_write *****************
 Defined at:
		line 48 in file "i2c.c"
 Parameters:    Size  Location     Type
  data            1    wreg     unsigned char 
 Auto vars:     Size  Location     Type
  data            1    0[COMMON] unsigned char 
 Return value:  Size  Location     Type
                  1    wreg      void 
 Registers used:
		wreg, status,2, status,0, pclath, cstack
 Tracked objects:
		On entry : 
		On exit  : 
		Unchanged: 
 Data sizes:     COMMON   BANK0   BANK1   BANK2   BANK3   BANK4   BANK5   BANK6
      Params:         0       0       0       0       0       0       0       0
      Locals:         1       0       0       0       0       0       0       0
      Temps:          0       0       0       0       0       0       0       0
      Totals:         1       0       0       0       0       0       0       0
Total ram usage:        1 bytes
 Hardware stack levels used:    1
 Hardware stack levels required when called:    1
 This function calls:
		_I2C_wait
 This function is called by:
		_LCD_backlight
		_LCD_send_cmd
		_I2C_select
		_LCD_send_data
		_I2C_send
		_I2C_sendN
 This function uses a non-reentrant model


 *************** function _I2C_wait *****************
 Defined at:
		line 12 in file "i2c.c"
 Parameters:    Size  Location     Type
		None
 Auto vars:     Size  Location     Type
		None
 Return value:  Size  Location     Type
                  1    wreg      void 
 Registers used:
		wreg, status,2
 Tracked objects:
		On entry : 
		On exit  : 
		Unchanged: 
 Data sizes:     COMMON   BANK0   BANK1   BANK2   BANK3   BANK4   BANK5   BANK6
      Params:         0       0       0       0       0       0       0       0
      Locals:         0       0       0       0       0       0       0       0
      Temps:          0       0       0       0       0       0       0       0
      Totals:         0       0       0       0       0       0       0       0
Total ram usage:        0 bytes
 Hardware stack levels used:    1
 This function calls:
		Nothing
 This function is called by:
		_I2C_start
		_I2C_stop
		_I2C_write
		_I2C_repeated_start
		_I2C_read
 This function uses a non-reentrant model



MODULE INFORMATION

Module		Function		Class		Link	Load	Size
i2c.c
		_I2C_stop      		CODE           	06CC	0000	7
		_I2C_wait      		CODE           	06FC	0000	13
		_I2C_start     		CODE           	06C6	0000	7
		_I2C_select    		CODE           	06D2	0000	8
		_I2C_write     		CODE           	06D9	0000	9

i2c.c estimated size: 44

mcc_generated_files/pin_manager.c
		_PIN_MANAGER_Initialize		CODE           	0750	0000	51

mcc_generated_files/pin_manager.c estimated size: 51

shared
		__initialization		CODE           	07F6	0000	8

shared estimated size: 8

mcc_generated_files/mcc.c
		_PMD_Initialize		CODE           	06E1	0000	9
		_OSCILLATOR_Initialize		CODE           	06E9	0000	10
		_SYSTEM_Initialize		CODE           	06F2	0000	11

mcc_generated_files/mcc.c estimated size: 30

lcd.c
		_LCD_init      		CODE           	07B7	0000	64
		_LCD_send_cmd  		CODE           	0782	0000	54
		_LCD_backlight 		CODE           	0708	0000	35

lcd.c estimated size: 153

main.c
		_main          		CODE           	072A	0000	39

main.c estimated size: 39

